Archive member included because of file (symbol)

c:/program files (x86)/gnu tools arm embedded/4.8 2014q1/bin/../lib/gcc/arm-none-eabi/4.8.3/armv7-m\libgcc.a(_arm_addsubsf3.o)
                              ..\obj\main.o (__aeabi_ui2f)
c:/program files (x86)/gnu tools arm embedded/4.8 2014q1/bin/../lib/gcc/arm-none-eabi/4.8.3/armv7-m\libgcc.a(_arm_muldivsf3.o)
                              ..\obj\main.o (__aeabi_fdiv)

Discarded input sections

 .text          0x00000000        0x0 ..\obj\stm32f10x_tim.o
 .data          0x00000000        0x0 ..\obj\stm32f10x_tim.o
 .bss           0x00000000        0x0 ..\obj\stm32f10x_tim.o
 .text.TIM_DeInit
                0x00000000      0x22c ..\obj\stm32f10x_tim.o
 .text.TIM_TimeBaseInit
                0x00000000       0xf8 ..\obj\stm32f10x_tim.o
 .text.TIM_OC1Init
                0x00000000      0x118 ..\obj\stm32f10x_tim.o
 .text.TIM_OC2Init
                0x00000000      0x110 ..\obj\stm32f10x_tim.o
 .text.TIM_OC3Init
                0x00000000      0x10c ..\obj\stm32f10x_tim.o
 .text.TIM_OC4Init
                0x00000000       0xd0 ..\obj\stm32f10x_tim.o
 .text.TIM_ICInit
                0x00000000       0xa8 ..\obj\stm32f10x_tim.o
 .text.TIM_PWMIConfig
                0x00000000       0xb8 ..\obj\stm32f10x_tim.o
 .text.TIM_BDTRConfig
                0x00000000       0x50 ..\obj\stm32f10x_tim.o
 .text.TIM_TimeBaseStructInit
                0x00000000       0x34 ..\obj\stm32f10x_tim.o
 .text.TIM_OCStructInit
                0x00000000       0x44 ..\obj\stm32f10x_tim.o
 .text.TIM_ICStructInit
                0x00000000       0x30 ..\obj\stm32f10x_tim.o
 .text.TIM_BDTRStructInit
                0x00000000       0x3c ..\obj\stm32f10x_tim.o
 .text.TIM_Cmd  0x00000000       0x40 ..\obj\stm32f10x_tim.o
 .text.TIM_CtrlPWMOutputs
                0x00000000       0x4c ..\obj\stm32f10x_tim.o
 .text.TIM_ITConfig
                0x00000000       0x48 ..\obj\stm32f10x_tim.o
 .text.TIM_GenerateEvent
                0x00000000       0x1c ..\obj\stm32f10x_tim.o
 .text.TIM_DMAConfig
                0x00000000       0x28 ..\obj\stm32f10x_tim.o
 .text.TIM_DMACmd
                0x00000000       0x48 ..\obj\stm32f10x_tim.o
 .text.TIM_InternalClockConfig
                0x00000000       0x24 ..\obj\stm32f10x_tim.o
 .text.TIM_ITRxExternalClockConfig
                0x00000000       0x2c ..\obj\stm32f10x_tim.o
 .text.TIM_TIxExternalClockConfig
                0x00000000       0x54 ..\obj\stm32f10x_tim.o
 .text.TIM_ETRClockMode1Config
                0x00000000       0x50 ..\obj\stm32f10x_tim.o
 .text.TIM_ETRClockMode2Config
                0x00000000       0x30 ..\obj\stm32f10x_tim.o
 .text.TIM_ETRConfig
                0x00000000       0x48 ..\obj\stm32f10x_tim.o
 .text.TIM_PrescalerConfig
                0x00000000       0x28 ..\obj\stm32f10x_tim.o
 .text.TIM_CounterModeConfig
                0x00000000       0x38 ..\obj\stm32f10x_tim.o
 .text.TIM_SelectInputTrigger
                0x00000000       0x38 ..\obj\stm32f10x_tim.o
 .text.TIM_EncoderInterfaceConfig
                0x00000000       0x8c ..\obj\stm32f10x_tim.o
 .text.TIM_ForcedOC1Config
                0x00000000       0x38 ..\obj\stm32f10x_tim.o
 .text.TIM_ForcedOC2Config
                0x00000000       0x3c ..\obj\stm32f10x_tim.o
 .text.TIM_ForcedOC3Config
                0x00000000       0x38 ..\obj\stm32f10x_tim.o
 .text.TIM_ForcedOC4Config
                0x00000000       0x3c ..\obj\stm32f10x_tim.o
 .text.TIM_ARRPreloadConfig
                0x00000000       0x40 ..\obj\stm32f10x_tim.o
 .text.TIM_SelectCOM
                0x00000000       0x40 ..\obj\stm32f10x_tim.o
 .text.TIM_SelectCCDMA
                0x00000000       0x40 ..\obj\stm32f10x_tim.o
 .text.TIM_CCPreloadControl
                0x00000000       0x40 ..\obj\stm32f10x_tim.o
 .text.TIM_OC1PreloadConfig
                0x00000000       0x38 ..\obj\stm32f10x_tim.o
 .text.TIM_OC2PreloadConfig
                0x00000000       0x3c ..\obj\stm32f10x_tim.o
 .text.TIM_OC3PreloadConfig
                0x00000000       0x38 ..\obj\stm32f10x_tim.o
 .text.TIM_OC4PreloadConfig
                0x00000000       0x3c ..\obj\stm32f10x_tim.o
 .text.TIM_OC1FastConfig
                0x00000000       0x38 ..\obj\stm32f10x_tim.o
 .text.TIM_OC2FastConfig
                0x00000000       0x3c ..\obj\stm32f10x_tim.o
 .text.TIM_OC3FastConfig
                0x00000000       0x38 ..\obj\stm32f10x_tim.o
 .text.TIM_OC4FastConfig
                0x00000000       0x3c ..\obj\stm32f10x_tim.o
 .text.TIM_ClearOC1Ref
                0x00000000       0x38 ..\obj\stm32f10x_tim.o
 .text.TIM_ClearOC2Ref
                0x00000000       0x3c ..\obj\stm32f10x_tim.o
 .text.TIM_ClearOC3Ref
                0x00000000       0x38 ..\obj\stm32f10x_tim.o
 .text.TIM_ClearOC4Ref
                0x00000000       0x3c ..\obj\stm32f10x_tim.o
 .text.TIM_OC1PolarityConfig
                0x00000000       0x38 ..\obj\stm32f10x_tim.o
 .text.TIM_OC1NPolarityConfig
                0x00000000       0x38 ..\obj\stm32f10x_tim.o
 .text.TIM_OC2PolarityConfig
                0x00000000       0x3c ..\obj\stm32f10x_tim.o
 .text.TIM_OC2NPolarityConfig
                0x00000000       0x3c ..\obj\stm32f10x_tim.o
 .text.TIM_OC3PolarityConfig
                0x00000000       0x3c ..\obj\stm32f10x_tim.o
 .text.TIM_OC3NPolarityConfig
                0x00000000       0x3c ..\obj\stm32f10x_tim.o
 .text.TIM_OC4PolarityConfig
                0x00000000       0x3c ..\obj\stm32f10x_tim.o
 .text.TIM_CCxCmd
                0x00000000       0x54 ..\obj\stm32f10x_tim.o
 .text.TIM_CCxNCmd
                0x00000000       0x54 ..\obj\stm32f10x_tim.o
 .text.TIM_SelectOCxM
                0x00000000       0xa8 ..\obj\stm32f10x_tim.o
 .text.TIM_UpdateDisableConfig
                0x00000000       0x40 ..\obj\stm32f10x_tim.o
 .text.TIM_UpdateRequestConfig
                0x00000000       0x40 ..\obj\stm32f10x_tim.o
 .text.TIM_SelectHallSensor
                0x00000000       0x40 ..\obj\stm32f10x_tim.o
 .text.TIM_SelectOnePulseMode
                0x00000000       0x38 ..\obj\stm32f10x_tim.o
 .text.TIM_SelectOutputTrigger
                0x00000000       0x38 ..\obj\stm32f10x_tim.o
 .text.TIM_SelectSlaveMode
                0x00000000       0x38 ..\obj\stm32f10x_tim.o
 .text.TIM_SelectMasterSlaveMode
                0x00000000       0x38 ..\obj\stm32f10x_tim.o
 .text.TIM_SetCounter
                0x00000000       0x1c ..\obj\stm32f10x_tim.o
 .text.TIM_SetAutoreload
                0x00000000       0x1c ..\obj\stm32f10x_tim.o
 .text.TIM_SetCompare1
                0x00000000       0x1c ..\obj\stm32f10x_tim.o
 .text.TIM_SetCompare2
                0x00000000       0x1c ..\obj\stm32f10x_tim.o
 .text.TIM_SetCompare3
                0x00000000       0x1c ..\obj\stm32f10x_tim.o
 .text.TIM_SetCompare4
                0x00000000       0x20 ..\obj\stm32f10x_tim.o
 .text.TIM_SetIC1Prescaler
                0x00000000       0x38 ..\obj\stm32f10x_tim.o
 .text.TIM_SetIC2Prescaler
                0x00000000       0x3c ..\obj\stm32f10x_tim.o
 .text.TIM_SetIC3Prescaler
                0x00000000       0x38 ..\obj\stm32f10x_tim.o
 .text.TIM_SetIC4Prescaler
                0x00000000       0x3c ..\obj\stm32f10x_tim.o
 .text.TIM_SetClockDivision
                0x00000000       0x38 ..\obj\stm32f10x_tim.o
 .text.TIM_GetCapture1
                0x00000000       0x1c ..\obj\stm32f10x_tim.o
 .text.TIM_GetCapture2
                0x00000000       0x1c ..\obj\stm32f10x_tim.o
 .text.TIM_GetCapture3
                0x00000000       0x1c ..\obj\stm32f10x_tim.o
 .text.TIM_GetCapture4
                0x00000000       0x1c ..\obj\stm32f10x_tim.o
 .text.TIM_GetCounter
                0x00000000       0x1c ..\obj\stm32f10x_tim.o
 .text.TIM_GetPrescaler
                0x00000000       0x1c ..\obj\stm32f10x_tim.o
 .text.TIM_GetFlagStatus
                0x00000000       0x38 ..\obj\stm32f10x_tim.o
 .text.TIM_ClearFlag
                0x00000000       0x20 ..\obj\stm32f10x_tim.o
 .text.TIM_GetITStatus
                0x00000000       0x54 ..\obj\stm32f10x_tim.o
 .text.TIM_ClearITPendingBit
                0x00000000       0x20 ..\obj\stm32f10x_tim.o
 .text.TI1_Config
                0x00000000       0xd4 ..\obj\stm32f10x_tim.o
 .text.TI2_Config
                0x00000000       0xe8 ..\obj\stm32f10x_tim.o
 .text.TI3_Config
                0x00000000       0xe0 ..\obj\stm32f10x_tim.o
 .text.TI4_Config
                0x00000000       0xec ..\obj\stm32f10x_tim.o
 .debug_info    0x00000000     0x1c58 ..\obj\stm32f10x_tim.o
 .debug_abbrev  0x00000000      0x1b0 ..\obj\stm32f10x_tim.o
 .debug_aranges
                0x00000000      0x2f0 ..\obj\stm32f10x_tim.o
 .debug_ranges  0x00000000      0x2e0 ..\obj\stm32f10x_tim.o
 .debug_line    0x00000000      0xb0b ..\obj\stm32f10x_tim.o
 .debug_str     0x00000000      0xe0b ..\obj\stm32f10x_tim.o
 .comment       0x00000000       0x71 ..\obj\stm32f10x_tim.o
 .ARM.attributes
                0x00000000       0x33 ..\obj\stm32f10x_tim.o
 .debug_frame   0x00000000      0xa20 ..\obj\stm32f10x_tim.o
 .text          0x00000000        0x0 ..\obj\system_stm32f10x.o
 .data          0x00000000       0x14 ..\obj\system_stm32f10x.o
 .bss           0x00000000        0x0 ..\obj\system_stm32f10x.o
 .text.SystemCoreClockUpdate
                0x00000000       0xd8 ..\obj\system_stm32f10x.o
 .text          0x00000000        0x0 ..\obj\MAX6692.o
 .data          0x00000000        0x0 ..\obj\MAX6692.o
 .bss           0x00000000        0x0 ..\obj\MAX6692.o
 .text.MAX6692_SB
                0x00000000       0xe0 ..\obj\MAX6692.o
 .text.MAX6692_RB
                0x00000000      0x120 ..\obj\MAX6692.o
 .text          0x00000000        0x0 ..\obj\startup_stm32f10x_md.o
 .data          0x00000000        0x0 ..\obj\startup_stm32f10x_md.o
 .bss           0x00000000        0x0 ..\obj\startup_stm32f10x_md.o
 .text          0x00000000        0x0 ..\obj\stm32f10x_gpio.o
 .data          0x00000000        0x0 ..\obj\stm32f10x_gpio.o
 .bss           0x00000000        0x0 ..\obj\stm32f10x_gpio.o
 .text.GPIO_DeInit
                0x00000000       0xe4 ..\obj\stm32f10x_gpio.o
 .text.GPIO_AFIODeInit
                0x00000000       0x18 ..\obj\stm32f10x_gpio.o
 .text.GPIO_StructInit
                0x00000000       0x28 ..\obj\stm32f10x_gpio.o
 .text.GPIO_ReadInputDataBit
                0x00000000       0x34 ..\obj\stm32f10x_gpio.o
 .text.GPIO_ReadInputData
                0x00000000       0x1c ..\obj\stm32f10x_gpio.o
 .text.GPIO_ReadOutputDataBit
                0x00000000       0x34 ..\obj\stm32f10x_gpio.o
 .text.GPIO_ReadOutputData
                0x00000000       0x1c ..\obj\stm32f10x_gpio.o
 .text.GPIO_SetBits
                0x00000000       0x1c ..\obj\stm32f10x_gpio.o
 .text.GPIO_ResetBits
                0x00000000       0x1c ..\obj\stm32f10x_gpio.o
 .text.GPIO_WriteBit
                0x00000000       0x30 ..\obj\stm32f10x_gpio.o
 .text.GPIO_Write
                0x00000000       0x1c ..\obj\stm32f10x_gpio.o
 .text.GPIO_PinLockConfig
                0x00000000       0x44 ..\obj\stm32f10x_gpio.o
 .text.GPIO_EventOutputConfig
                0x00000000       0x48 ..\obj\stm32f10x_gpio.o
 .text.GPIO_EventOutputCmd
                0x00000000       0x20 ..\obj\stm32f10x_gpio.o
 .text.GPIO_PinRemapConfig
                0x00000000       0xe0 ..\obj\stm32f10x_gpio.o
 .text.GPIO_EXTILineConfig
                0x00000000       0x7c ..\obj\stm32f10x_gpio.o
 .text.GPIO_ETH_MediaInterfaceConfig
                0x00000000       0x1c ..\obj\stm32f10x_gpio.o
 .text          0x00000000        0x0 ..\obj\main.o
 .data          0x00000000        0x0 ..\obj\main.o
 .bss           0x00000000        0x0 ..\obj\main.o
 .text          0x00000000        0x0 ..\obj\stm32f10x_rcc.o
 .bss           0x00000000        0x0 ..\obj\stm32f10x_rcc.o
 .text.RCC_DeInit
                0x00000000       0x5c ..\obj\stm32f10x_rcc.o
 .text.RCC_HSEConfig
                0x00000000       0x5c ..\obj\stm32f10x_rcc.o
 .text.RCC_WaitForHSEStartUp
                0x00000000       0x50 ..\obj\stm32f10x_rcc.o
 .text.RCC_AdjustHSICalibrationValue
                0x00000000       0x3c ..\obj\stm32f10x_rcc.o
 .text.RCC_HSICmd
                0x00000000       0x20 ..\obj\stm32f10x_rcc.o
 .text.RCC_PLLConfig
                0x00000000       0x3c ..\obj\stm32f10x_rcc.o
 .text.RCC_PLLCmd
                0x00000000       0x20 ..\obj\stm32f10x_rcc.o
 .text.RCC_SYSCLKConfig
                0x00000000       0x38 ..\obj\stm32f10x_rcc.o
 .text.RCC_GetSYSCLKSource
                0x00000000       0x20 ..\obj\stm32f10x_rcc.o
 .text.RCC_HCLKConfig
                0x00000000       0x38 ..\obj\stm32f10x_rcc.o
 .text.RCC_PCLK1Config
                0x00000000       0x38 ..\obj\stm32f10x_rcc.o
 .text.RCC_PCLK2Config
                0x00000000       0x38 ..\obj\stm32f10x_rcc.o
 .text.RCC_ITConfig
                0x00000000       0x48 ..\obj\stm32f10x_rcc.o
 .text.RCC_USBCLKConfig
                0x00000000       0x1c ..\obj\stm32f10x_rcc.o
 .text.RCC_ADCCLKConfig
                0x00000000       0x38 ..\obj\stm32f10x_rcc.o
 .text.RCC_LSEConfig
                0x00000000       0x40 ..\obj\stm32f10x_rcc.o
 .text.RCC_LSICmd
                0x00000000       0x20 ..\obj\stm32f10x_rcc.o
 .text.RCC_RTCCLKConfig
                0x00000000       0x24 ..\obj\stm32f10x_rcc.o
 .text.RCC_RTCCLKCmd
                0x00000000       0x20 ..\obj\stm32f10x_rcc.o
 .text.RCC_AHBPeriphClockCmd
                0x00000000       0x3c ..\obj\stm32f10x_rcc.o
 .text.RCC_APB2PeriphResetCmd
                0x00000000       0x3c ..\obj\stm32f10x_rcc.o
 .text.RCC_APB1PeriphResetCmd
                0x00000000       0x3c ..\obj\stm32f10x_rcc.o
 .text.RCC_BackupResetCmd
                0x00000000       0x20 ..\obj\stm32f10x_rcc.o
 .text.RCC_ClockSecuritySystemCmd
                0x00000000       0x20 ..\obj\stm32f10x_rcc.o
 .text.RCC_MCOConfig
                0x00000000       0x20 ..\obj\stm32f10x_rcc.o
 .text.RCC_GetFlagStatus
                0x00000000       0x74 ..\obj\stm32f10x_rcc.o
 .text.RCC_ClearFlag
                0x00000000       0x1c ..\obj\stm32f10x_rcc.o
 .text.RCC_GetITStatus
                0x00000000       0x38 ..\obj\stm32f10x_rcc.o
 .text.RCC_ClearITPendingBit
                0x00000000       0x20 ..\obj\stm32f10x_rcc.o
 .text          0x00000000        0x0 ..\obj\I2C.o
 .data          0x00000000        0x0 ..\obj\I2C.o
 .bss           0x00000000        0x0 ..\obj\I2C.o
 .text          0x00000000        0x0 ..\obj\stm32f10x_exti.o
 .data          0x00000000        0x0 ..\obj\stm32f10x_exti.o
 .bss           0x00000000        0x0 ..\obj\stm32f10x_exti.o
 .text.EXTI_DeInit
                0x00000000       0x34 ..\obj\stm32f10x_exti.o
 .text.EXTI_Init
                0x00000000       0xdc ..\obj\stm32f10x_exti.o
 .text.EXTI_StructInit
                0x00000000       0x2c ..\obj\stm32f10x_exti.o
 .text.EXTI_GenerateSWInterrupt
                0x00000000       0x24 ..\obj\stm32f10x_exti.o
 .text.EXTI_GetFlagStatus
                0x00000000       0x34 ..\obj\stm32f10x_exti.o
 .text.EXTI_ClearFlag
                0x00000000       0x1c ..\obj\stm32f10x_exti.o
 .text.EXTI_GetITStatus
                0x00000000       0x48 ..\obj\stm32f10x_exti.o
 .text.EXTI_ClearITPendingBit
                0x00000000       0x1c ..\obj\stm32f10x_exti.o
 .debug_info    0x00000000      0x341 ..\obj\stm32f10x_exti.o
 .debug_abbrev  0x00000000      0x151 ..\obj\stm32f10x_exti.o
 .debug_aranges
                0x00000000       0x58 ..\obj\stm32f10x_exti.o
 .debug_ranges  0x00000000       0x48 ..\obj\stm32f10x_exti.o
 .debug_line    0x00000000      0x335 ..\obj\stm32f10x_exti.o
 .debug_str     0x00000000      0x377 ..\obj\stm32f10x_exti.o
 .comment       0x00000000       0x71 ..\obj\stm32f10x_exti.o
 .ARM.attributes
                0x00000000       0x33 ..\obj\stm32f10x_exti.o
 .debug_frame   0x00000000       0xec ..\obj\stm32f10x_exti.o
 .text          0x00000000        0x0 ..\obj\stm32f10x_usart.o
 .data          0x00000000        0x0 ..\obj\stm32f10x_usart.o
 .bss           0x00000000        0x0 ..\obj\stm32f10x_usart.o
 .text.USART_DeInit
                0x00000000       0xb8 ..\obj\stm32f10x_usart.o
 .text.USART_Init
                0x00000000      0x174 ..\obj\stm32f10x_usart.o
 .text.USART_StructInit
                0x00000000       0x38 ..\obj\stm32f10x_usart.o
 .text.USART_ClockInit
                0x00000000       0x54 ..\obj\stm32f10x_usart.o
 .text.USART_ClockStructInit
                0x00000000       0x2c ..\obj\stm32f10x_usart.o
 .text.USART_Cmd
                0x00000000       0x40 ..\obj\stm32f10x_usart.o
 .text.USART_ITConfig
                0x00000000       0x90 ..\obj\stm32f10x_usart.o
 .text.USART_DMACmd
                0x00000000       0x48 ..\obj\stm32f10x_usart.o
 .text.USART_SetAddress
                0x00000000       0x38 ..\obj\stm32f10x_usart.o
 .text.USART_WakeUpConfig
                0x00000000       0x38 ..\obj\stm32f10x_usart.o
 .text.USART_ReceiverWakeUpCmd
                0x00000000       0x40 ..\obj\stm32f10x_usart.o
 .text.USART_LINBreakDetectLengthConfig
                0x00000000       0x38 ..\obj\stm32f10x_usart.o
 .text.USART_LINCmd
                0x00000000       0x40 ..\obj\stm32f10x_usart.o
 .text.USART_SendData
                0x00000000       0x24 ..\obj\stm32f10x_usart.o
 .text.USART_ReceiveData
                0x00000000       0x20 ..\obj\stm32f10x_usart.o
 .text.USART_SendBreak
                0x00000000       0x24 ..\obj\stm32f10x_usart.o
 .text.USART_SetGuardTime
                0x00000000       0x3c ..\obj\stm32f10x_usart.o
 .text.USART_SetPrescaler
                0x00000000       0x38 ..\obj\stm32f10x_usart.o
 .text.USART_SmartCardCmd
                0x00000000       0x40 ..\obj\stm32f10x_usart.o
 .text.USART_SmartCardNACKCmd
                0x00000000       0x40 ..\obj\stm32f10x_usart.o
 .text.USART_HalfDuplexCmd
                0x00000000       0x40 ..\obj\stm32f10x_usart.o
 .text.USART_OverSampling8Cmd
                0x00000000       0x44 ..\obj\stm32f10x_usart.o
 .text.USART_OneBitMethodCmd
                0x00000000       0x40 ..\obj\stm32f10x_usart.o
 .text.USART_IrDAConfig
                0x00000000       0x38 ..\obj\stm32f10x_usart.o
 .text.USART_IrDACmd
                0x00000000       0x40 ..\obj\stm32f10x_usart.o
 .text.USART_GetFlagStatus
                0x00000000       0x38 ..\obj\stm32f10x_usart.o
 .text.USART_ClearFlag
                0x00000000       0x20 ..\obj\stm32f10x_usart.o
 .text.USART_GetITStatus
                0x00000000       0xb0 ..\obj\stm32f10x_usart.o
 .text.USART_ClearITPendingBit
                0x00000000       0x38 ..\obj\stm32f10x_usart.o
 .debug_info    0x00000000      0x9e8 ..\obj\stm32f10x_usart.o
 .debug_abbrev  0x00000000      0x162 ..\obj\stm32f10x_usart.o
 .debug_aranges
                0x00000000      0x100 ..\obj\stm32f10x_usart.o
 .debug_ranges  0x00000000       0xf0 ..\obj\stm32f10x_usart.o
 .debug_line    0x00000000      0x52a ..\obj\stm32f10x_usart.o
 .debug_str     0x00000000      0x6be ..\obj\stm32f10x_usart.o
 .comment       0x00000000       0x71 ..\obj\stm32f10x_usart.o
 .ARM.attributes
                0x00000000       0x33 ..\obj\stm32f10x_usart.o
 .debug_frame   0x00000000      0x344 ..\obj\stm32f10x_usart.o
 .text          0x00000000        0x0 ..\obj\syscalls.o
 .data          0x00000000        0x0 ..\obj\syscalls.o
 .bss           0x00000000        0x4 ..\obj\syscalls.o
 .text._sbrk    0x00000000       0x40 ..\obj\syscalls.o
 .text.link     0x00000000       0x1c ..\obj\syscalls.o
 .text._close   0x00000000       0x18 ..\obj\syscalls.o
 .text._fstat   0x00000000       0x20 ..\obj\syscalls.o
 .text._isatty  0x00000000       0x18 ..\obj\syscalls.o
 .text._lseek   0x00000000       0x1c ..\obj\syscalls.o
 .text._read    0x00000000       0x1c ..\obj\syscalls.o
 .text._write   0x00000000       0x1c ..\obj\syscalls.o
 .text.abort    0x00000000        0x8 ..\obj\syscalls.o
 .debug_info    0x00000000      0x3ee ..\obj\syscalls.o
 .debug_abbrev  0x00000000       0xe2 ..\obj\syscalls.o
 .debug_aranges
                0x00000000       0x60 ..\obj\syscalls.o
 .debug_ranges  0x00000000       0x50 ..\obj\syscalls.o
 .debug_line    0x00000000      0x19b ..\obj\syscalls.o
 .debug_str     0x00000000      0x318 ..\obj\syscalls.o
 .comment       0x00000000       0x71 ..\obj\syscalls.o
 .ARM.attributes
                0x00000000       0x33 ..\obj\syscalls.o
 .debug_frame   0x00000000      0x108 ..\obj\syscalls.o
 .text          0x00000000        0x0 ..\obj\misc.o
 .data          0x00000000        0x0 ..\obj\misc.o
 .bss           0x00000000        0x0 ..\obj\misc.o
 .text.NVIC_PriorityGroupConfig
                0x00000000       0x24 ..\obj\misc.o
 .text.NVIC_Init
                0x00000000       0xc0 ..\obj\misc.o
 .text.NVIC_SetVectorTable
                0x00000000       0x2c ..\obj\misc.o
 .text.NVIC_SystemLPConfig
                0x00000000       0x40 ..\obj\misc.o
 .text.SysTick_CLKSourceConfig
                0x00000000       0x38 ..\obj\misc.o
 .debug_info    0x00000000      0x53d ..\obj\misc.o
 .debug_abbrev  0x00000000      0x145 ..\obj\misc.o
 .debug_aranges
                0x00000000       0x40 ..\obj\misc.o
 .debug_ranges  0x00000000       0x30 ..\obj\misc.o
 .debug_line    0x00000000      0x2d5 ..\obj\misc.o
 .debug_str     0x00000000      0x3ec ..\obj\misc.o
 .comment       0x00000000       0x71 ..\obj\misc.o
 .ARM.attributes
                0x00000000       0x33 ..\obj\misc.o
 .debug_frame   0x00000000       0x9c ..\obj\misc.o
 .text          0x00000000        0x0 ..\obj\stm32f10x_i2c.o
 .data          0x00000000        0x0 ..\obj\stm32f10x_i2c.o
 .bss           0x00000000        0x0 ..\obj\stm32f10x_i2c.o
 .text.I2C_DeInit
                0x00000000       0x44 ..\obj\stm32f10x_i2c.o
 .text.I2C_StructInit
                0x00000000       0x3c ..\obj\stm32f10x_i2c.o
 .text.I2C_DMACmd
                0x00000000       0x40 ..\obj\stm32f10x_i2c.o
 .text.I2C_DMALastTransferCmd
                0x00000000       0x40 ..\obj\stm32f10x_i2c.o
 .text.I2C_OwnAddress2Config
                0x00000000       0x40 ..\obj\stm32f10x_i2c.o
 .text.I2C_DualAddressCmd
                0x00000000       0x40 ..\obj\stm32f10x_i2c.o
 .text.I2C_GeneralCallCmd
                0x00000000       0x40 ..\obj\stm32f10x_i2c.o
 .text.I2C_ITConfig
                0x00000000       0x48 ..\obj\stm32f10x_i2c.o
 .text.I2C_SoftwareResetCmd
                0x00000000       0x44 ..\obj\stm32f10x_i2c.o
 .text.I2C_NACKPositionConfig
                0x00000000       0x40 ..\obj\stm32f10x_i2c.o
 .text.I2C_SMBusAlertConfig
                0x00000000       0x40 ..\obj\stm32f10x_i2c.o
 .text.I2C_TransmitPEC
                0x00000000       0x40 ..\obj\stm32f10x_i2c.o
 .text.I2C_PECPositionConfig
                0x00000000       0x40 ..\obj\stm32f10x_i2c.o
 .text.I2C_CalculatePEC
                0x00000000       0x40 ..\obj\stm32f10x_i2c.o
 .text.I2C_GetPEC
                0x00000000       0x20 ..\obj\stm32f10x_i2c.o
 .text.I2C_ARPCmd
                0x00000000       0x40 ..\obj\stm32f10x_i2c.o
 .text.I2C_StretchClockCmd
                0x00000000       0x40 ..\obj\stm32f10x_i2c.o
 .text.I2C_FastModeDutyCycleConfig
                0x00000000       0x40 ..\obj\stm32f10x_i2c.o
 .text.I2C_GetLastEvent
                0x00000000       0x44 ..\obj\stm32f10x_i2c.o
 .text.I2C_GetFlagStatus
                0x00000000       0x68 ..\obj\stm32f10x_i2c.o
 .text.I2C_ClearFlag
                0x00000000       0x2c ..\obj\stm32f10x_i2c.o
 .text.I2C_GetITStatus
                0x00000000       0x5c ..\obj\stm32f10x_i2c.o
 .text.I2C_ClearITPendingBit
                0x00000000       0x2c ..\obj\stm32f10x_i2c.o
 .data          0x00000000        0x0 c:/program files (x86)/gnu tools arm embedded/4.8 2014q1/bin/../lib/gcc/arm-none-eabi/4.8.3/armv7-m\libgcc.a(_arm_addsubsf3.o)
 .bss           0x00000000        0x0 c:/program files (x86)/gnu tools arm embedded/4.8 2014q1/bin/../lib/gcc/arm-none-eabi/4.8.3/armv7-m\libgcc.a(_arm_addsubsf3.o)
 .data          0x00000000        0x0 c:/program files (x86)/gnu tools arm embedded/4.8 2014q1/bin/../lib/gcc/arm-none-eabi/4.8.3/armv7-m\libgcc.a(_arm_muldivsf3.o)
 .bss           0x00000000        0x0 c:/program files (x86)/gnu tools arm embedded/4.8 2014q1/bin/../lib/gcc/arm-none-eabi/4.8.3/armv7-m\libgcc.a(_arm_muldivsf3.o)

Memory Configuration

Name             Origin             Length             Attributes
rom              0x08000000         0x00020000         xr
ram              0x20000000         0x00005000         xrw
*default*        0x00000000         0xffffffff

Linker script and memory map

                0x20005000                _eram = 0x20005000

.text           0x08000000     0x130c
 *(.isr_vector)
 .isr_vector    0x08000000      0x10c ..\obj\startup_stm32f10x_md.o
                0x08000000                g_pfnVectors
 *(.text*)
 .text.SystemInit
                0x0800010c       0x68 ..\obj\system_stm32f10x.o
                0x0800010c                SystemInit
 .text.SetSysClock
                0x08000174        0xc ..\obj\system_stm32f10x.o
 .text.SetSysClockTo72
                0x08000180      0x100 ..\obj\system_stm32f10x.o
 .text.MAX6692_WR
                0x08000280      0x11c ..\obj\MAX6692.o
                0x08000280                MAX6692_WR
 .text.MAX6692_RD
                0x0800039c      0x1a8 ..\obj\MAX6692.o
                0x0800039c                MAX6692_RD
 .text.Default_Reset_Handler
                0x08000544       0x60 ..\obj\startup_stm32f10x_md.o
                0x08000544                Default_Reset_Handler
                0x08000544                Reset_Handler
 .text.Default_Handler
                0x080005a4        0x8 ..\obj\startup_stm32f10x_md.o
                0x080005a4                EXTI2_IRQHandler
                0x080005a4                DebugMon_Handler
                0x080005a4                TIM1_CC_IRQHandler
                0x080005a4                HardFault_Handler
                0x080005a4                SysTick_Handler
                0x080005a4                PVD_IRQHandler
                0x080005a4                PendSV_Handler
                0x080005a4                NMI_Handler
                0x080005a4                EXTI3_IRQHandler
                0x080005a4                EXTI0_IRQHandler
                0x080005a4                I2C2_EV_IRQHandler
                0x080005a4                UsageFault_Handler
                0x080005a4                ADC1_2_IRQHandler
                0x080005a4                SPI1_IRQHandler
                0x080005a4                TAMPER_IRQHandler
                0x080005a4                DMA1_Channel4_IRQHandler
                0x080005a4                USART3_IRQHandler
                0x080005a4                RTC_IRQHandler
                0x080005a4                DMA1_Channel7_IRQHandler
                0x080005a4                CAN1_RX1_IRQHandler
                0x080005a4                TIM4_IRQHandler
                0x080005a4                I2C1_EV_IRQHandler
                0x080005a4                DMA1_Channel6_IRQHandler
                0x080005a4                TIM3_IRQHandler
                0x080005a4                RCC_IRQHandler
                0x080005a4                TIM1_TRG_COM_IRQHandler
                0x080005a4                DMA1_Channel1_IRQHandler
                0x080005a4                EXTI15_10_IRQHandler
                0x080005a4                EXTI9_5_IRQHandler
                0x080005a4                SPI2_IRQHandler
                0x080005a4                MemManage_Handler
                0x080005a4                SVC_Handler
                0x080005a4                DMA1_Channel5_IRQHandler
                0x080005a4                EXTI4_IRQHandler
                0x080005a4                USB_LP_CAN1_RX0_IRQHandler
                0x080005a4                USB_HP_CAN1_TX_IRQHandler
                0x080005a4                DMA1_Channel3_IRQHandler
                0x080005a4                TIM1_UP_IRQHandler
                0x080005a4                WWDG_IRQHandler
                0x080005a4                TIM2_IRQHandler
                0x080005a4                TIM1_BRK_IRQHandler
                0x080005a4                EXTI1_IRQHandler
                0x080005a4                RTCAlarm_IRQHandler
                0x080005a4                USART2_IRQHandler
                0x080005a4                I2C2_ER_IRQHandler
                0x080005a4                DMA1_Channel2_IRQHandler
                0x080005a4                CAN1_SCE_IRQHandler
                0x080005a4                FLASH_IRQHandler
                0x080005a4                BusFault_Handler
                0x080005a4                USART1_IRQHandler
                0x080005a4                I2C1_ER_IRQHandler
                0x080005a4                USBWakeUp_IRQHandler
 .text.GPIO_Init
                0x080005ac      0x178 ..\obj\stm32f10x_gpio.o
                0x080005ac                GPIO_Init
 .text.main     0x08000724      0x138 ..\obj\main.o
                0x08000724                main
 .text.RCC_GetClocksFreq
                0x0800085c      0x164 ..\obj\stm32f10x_rcc.o
                0x0800085c                RCC_GetClocksFreq
 .text.RCC_APB2PeriphClockCmd
                0x080009c0       0x3c ..\obj\stm32f10x_rcc.o
                0x080009c0                RCC_APB2PeriphClockCmd
 .text.RCC_APB1PeriphClockCmd
                0x080009fc       0x3c ..\obj\stm32f10x_rcc.o
                0x080009fc                RCC_APB1PeriphClockCmd
 .text.I2C1_GPIO_Conf
                0x08000a38       0x28 ..\obj\I2C.o
                0x08000a38                I2C1_GPIO_Conf
 .text.I2C1_RCC_Conf
                0x08000a60       0x20 ..\obj\I2C.o
                0x08000a60                I2C1_RCC_Conf
 .text.I2C1_Conf
                0x08000a80       0x44 ..\obj\I2C.o
                0x08000a80                I2C1_Conf
 .text.I2C_Init
                0x08000ac4      0x184 ..\obj\stm32f10x_i2c.o
                0x08000ac4                I2C_Init
 .text.I2C_Cmd  0x08000c48       0x40 ..\obj\stm32f10x_i2c.o
                0x08000c48                I2C_Cmd
 .text.I2C_GenerateSTART
                0x08000c88       0x40 ..\obj\stm32f10x_i2c.o
                0x08000c88                I2C_GenerateSTART
 .text.I2C_GenerateSTOP
                0x08000cc8       0x40 ..\obj\stm32f10x_i2c.o
                0x08000cc8                I2C_GenerateSTOP
 .text.I2C_AcknowledgeConfig
                0x08000d08       0x40 ..\obj\stm32f10x_i2c.o
                0x08000d08                I2C_AcknowledgeConfig
 .text.I2C_SendData
                0x08000d48       0x20 ..\obj\stm32f10x_i2c.o
                0x08000d48                I2C_SendData
 .text.I2C_ReceiveData
                0x08000d68       0x1c ..\obj\stm32f10x_i2c.o
                0x08000d68                I2C_ReceiveData
 .text.I2C_Send7bitAddress
                0x08000d84       0x3c ..\obj\stm32f10x_i2c.o
                0x08000d84                I2C_Send7bitAddress
 .text.I2C_ReadRegister
                0x08000dc0       0x30 ..\obj\stm32f10x_i2c.o
                0x08000dc0                I2C_ReadRegister
 .text.I2C_CheckEvent
                0x08000df0       0x60 ..\obj\stm32f10x_i2c.o
                0x08000df0                I2C_CheckEvent
 .text          0x08000e50      0x21c c:/program files (x86)/gnu tools arm embedded/4.8 2014q1/bin/../lib/gcc/arm-none-eabi/4.8.3/armv7-m\libgcc.a(_arm_addsubsf3.o)
                0x08000e50                __aeabi_frsub
                0x08000e58                __subsf3
                0x08000e58                __aeabi_fsub
                0x08000e5c                __aeabi_fadd
                0x08000e5c                __addsf3
                0x08000fbc                __aeabi_ui2f
                0x08000fbc                __floatunsisf
                0x08000fc4                __aeabi_i2f
                0x08000fc4                __floatsisf
                0x08000fe0                __aeabi_ul2f
                0x08000fe0                __floatundisf
                0x08000ff0                __aeabi_l2f
                0x08000ff0                __floatdisf
 .text          0x0800106c      0x2a0 c:/program files (x86)/gnu tools arm embedded/4.8 2014q1/bin/../lib/gcc/arm-none-eabi/4.8.3/armv7-m\libgcc.a(_arm_muldivsf3.o)
                0x0800106c                __mulsf3
                0x0800106c                __aeabi_fmul
                0x080011d4                __aeabi_fdiv
                0x080011d4                __divsf3
 *(.init)
 *(.fini)
 *crtbegin.o(.ctors)
 *crtbegin?.o(.ctors)
 *(EXCLUDE_FILE(*crtend.o *crtend?.o) .ctors)
 *(SORT(.ctors.*))
 *(.ctors)
 *crtbegin.o(.dtors)
 *crtbegin?.o(.dtors)
 *(EXCLUDE_FILE(*crtend.o *crtend?.o) .dtors)
 *(SORT(.dtors.*))
 *(.dtors)
 *(.rodata*)
 *(.eh_fram e*)

.glue_7         0x0800130c        0x0
 .glue_7        0x00000000        0x0 linker stubs

.glue_7t        0x0800130c        0x0
 .glue_7t       0x00000000        0x0 linker stubs

.vfp11_veneer   0x0800130c        0x0
 .vfp11_veneer  0x00000000        0x0 linker stubs

.v4_bx          0x0800130c        0x0
 .v4_bx         0x00000000        0x0 linker stubs

.iplt           0x0800130c        0x0
 .iplt          0x00000000        0x0 ..\obj\stm32f10x_tim.o

.rel.dyn        0x0800130c        0x0
 .rel.iplt      0x00000000        0x0 ..\obj\stm32f10x_tim.o

.ARM.extab
 *(.ARM.extab* .gnu.linkonce.armextab.*)
                0x0800130c                __exidx_start = .

.ARM.exidx
 *(.ARM.exidx* .gnu.linkonce.armexidx.*)
                0x0800130c                __exidx_end = .
                0x0800130c                __etext = .
                0x0800130c                _sidata = __etext

.data           0x20000000       0x14 load address 0x0800130c
                0x20000000                __data_start__ = .
                0x20000000                _sdata = __data_start__
 *(vtable)
 *(.data*)
 .data          0x20000000       0x14 ..\obj\stm32f10x_rcc.o
                0x20000014                . = ALIGN (0x4)
                0x20000014                PROVIDE (__preinit_array_start, .)
 *(.preinit_array)
                0x20000014                PROVIDE (__preinit_array_end, .)
                0x20000014                . = ALIGN (0x4)
                0x20000014                PROVIDE (__init_array_start, .)
 *(SORT(.init_array.*))
 *(.init_array)
                0x20000014                PROVIDE (__init_array_end, .)
                0x20000014                . = ALIGN (0x4)
                0x20000014                PROVIDE (__fini_array_start, .)
 *(SORT(.fini_array.*))
 *(.fini_array)
                0x20000014                PROVIDE (__fini_array_end, .)
 *(.jcr*)
                0x20000014                . = ALIGN (0x4)
                0x20000014                __data_end__ = .
                0x20000014                _edata = __data_end__

.igot.plt       0x20000014        0x0 load address 0x08001320
 .igot.plt      0x00000000        0x0 ..\obj\stm32f10x_tim.o

.bss            0x20000014        0x0
                0x20000014                . = ALIGN (0x4)
                0x20000014                __bss_start__ = .
                0x20000014                _sbss = __bss_start__
 *(.bss*)
 *(COMMON)
                0x20000014                . = ALIGN (0x4)
                0x20000014                __bss_end__ = .
                0x20000014                _ebss = __bss_end__

.heap           0x20000014        0x0
                0x20000014                __end__ = .
                0x20000014                _end = __end__
                0x20000014                end = __end__
 *(.heap*)
                0x20000014                __HeapLimit = .

.co_stack       0x20000014      0x404 load address 0x08001320
                0x20000018                . = ALIGN (0x8)
 *fill*         0x20000014        0x4 
 *(.co_stack .co_stack.*)
 .co_stack      0x20000018      0x400 ..\obj\startup_stm32f10x_md.o
                0x20000018                pulStack
                0x20005000                __StackTop = (ORIGIN (ram) + 0x5000)
                0x20004bfc                __StackLimit = (__StackTop - SIZEOF (.co_stack))
                0x20005000                PROVIDE (__stack, __StackTop)
                0x00000001                ASSERT ((__StackLimit >= __HeapLimit), region ram  overflowed with stack)
LOAD ..\obj\stm32f10x_tim.o
LOAD ..\obj\system_stm32f10x.o
LOAD ..\obj\MAX6692.o
LOAD ..\obj\startup_stm32f10x_md.o
LOAD ..\obj\stm32f10x_gpio.o
LOAD ..\obj\main.o
LOAD ..\obj\stm32f10x_rcc.o
LOAD ..\obj\I2C.o
LOAD ..\obj\stm32f10x_exti.o
LOAD ..\obj\stm32f10x_usart.o
LOAD ..\obj\syscalls.o
LOAD ..\obj\misc.o
LOAD ..\obj\stm32f10x_i2c.o
START GROUP
LOAD c:/program files (x86)/gnu tools arm embedded/4.8 2014q1/bin/../lib/gcc/arm-none-eabi/4.8.3/armv7-m\libgcc.a
LOAD c:/program files (x86)/gnu tools arm embedded/4.8 2014q1/bin/../lib/gcc/arm-none-eabi/4.8.3/../../../../arm-none-eabi/lib/armv7-m\libg.a
LOAD c:/program files (x86)/gnu tools arm embedded/4.8 2014q1/bin/../lib/gcc/arm-none-eabi/4.8.3/../../../../arm-none-eabi/lib/armv7-m\libc.a
END GROUP
OUTPUT(MAX6692.elf elf32-littlearm)

.debug_info     0x00000000     0x297f
 .debug_info    0x00000000      0x479 ..\obj\system_stm32f10x.o
 .debug_info    0x00000479      0x3b6 ..\obj\MAX6692.o
 .debug_info    0x0000082f       0xe9 ..\obj\startup_stm32f10x_md.o
 .debug_info    0x00000918      0x6e7 ..\obj\stm32f10x_gpio.o
 .debug_info    0x00000fff      0x249 ..\obj\main.o
 .debug_info    0x00001248      0x88d ..\obj\stm32f10x_rcc.o
 .debug_info    0x00001ad5      0x3aa ..\obj\I2C.o
 .debug_info    0x00001e7f      0xb00 ..\obj\stm32f10x_i2c.o

.debug_abbrev   0x00000000      0x957
 .debug_abbrev  0x00000000      0x14c ..\obj\system_stm32f10x.o
 .debug_abbrev  0x0000014c       0xdc ..\obj\MAX6692.o
 .debug_abbrev  0x00000228       0xa7 ..\obj\startup_stm32f10x_md.o
 .debug_abbrev  0x000002cf      0x1c8 ..\obj\stm32f10x_gpio.o
 .debug_abbrev  0x00000497       0x9d ..\obj\main.o
 .debug_abbrev  0x00000534      0x1ba ..\obj\stm32f10x_rcc.o
 .debug_abbrev  0x000006ee      0x105 ..\obj\I2C.o
 .debug_abbrev  0x000007f3      0x164 ..\obj\stm32f10x_i2c.o

.debug_aranges  0x00000000      0x3c8
 .debug_aranges
                0x00000000       0x38 ..\obj\system_stm32f10x.o
 .debug_aranges
                0x00000038       0x38 ..\obj\MAX6692.o
 .debug_aranges
                0x00000070       0x28 ..\obj\startup_stm32f10x_md.o
 .debug_aranges
                0x00000098       0xa8 ..\obj\stm32f10x_gpio.o
 .debug_aranges
                0x00000140       0x20 ..\obj\main.o
 .debug_aranges
                0x00000160      0x118 ..\obj\stm32f10x_rcc.o
 .debug_aranges
                0x00000278       0x30 ..\obj\I2C.o
 .debug_aranges
                0x000002a8      0x120 ..\obj\stm32f10x_i2c.o

.debug_ranges   0x00000000      0x348
 .debug_ranges  0x00000000       0x28 ..\obj\system_stm32f10x.o
 .debug_ranges  0x00000028       0x28 ..\obj\MAX6692.o
 .debug_ranges  0x00000050       0x18 ..\obj\startup_stm32f10x_md.o
 .debug_ranges  0x00000068       0x98 ..\obj\stm32f10x_gpio.o
 .debug_ranges  0x00000100       0x10 ..\obj\main.o
 .debug_ranges  0x00000110      0x108 ..\obj\stm32f10x_rcc.o
 .debug_ranges  0x00000218       0x20 ..\obj\I2C.o
 .debug_ranges  0x00000238      0x110 ..\obj\stm32f10x_i2c.o

.debug_line     0x00000000     0x196e
 .debug_line    0x00000000      0x25c ..\obj\system_stm32f10x.o
 .debug_line    0x0000025c      0x2bb ..\obj\MAX6692.o
 .debug_line    0x00000517       0xc8 ..\obj\startup_stm32f10x_md.o
 .debug_line    0x000005df      0x43f ..\obj\stm32f10x_gpio.o
 .debug_line    0x00000a1e      0x1e6 ..\obj\main.o
 .debug_line    0x00000c04      0x54d ..\obj\stm32f10x_rcc.o
 .debug_line    0x00001151      0x2b6 ..\obj\I2C.o
 .debug_line    0x00001407      0x567 ..\obj\stm32f10x_i2c.o

.debug_str      0x00000000     0x1292
 .debug_str     0x00000000      0x2ae ..\obj\system_stm32f10x.o
                                0x31d (size before relaxing)
 .debug_str     0x000002ae      0x20c ..\obj\MAX6692.o
                                0x390 (size before relaxing)
 .debug_str     0x000004ba       0xd6 ..\obj\startup_stm32f10x_md.o
                                0x16d (size before relaxing)
 .debug_str     0x00000590      0x3cc ..\obj\stm32f10x_gpio.o
                                0x547 (size before relaxing)
 .debug_str     0x0000095c       0xb3 ..\obj\main.o
                                0x31e (size before relaxing)
 .debug_str     0x00000a0f      0x40e ..\obj\stm32f10x_rcc.o
                                0x648 (size before relaxing)
 .debug_str     0x00000e1d      0x103 ..\obj\I2C.o
                                0x3f5 (size before relaxing)
 .debug_str     0x00000f20      0x372 ..\obj\stm32f10x_i2c.o
                                0x694 (size before relaxing)

.comment        0x00000000       0x70
 .comment       0x00000000       0x70 ..\obj\system_stm32f10x.o
                                 0x71 (size before relaxing)
 .comment       0x00000000       0x71 ..\obj\MAX6692.o
 .comment       0x00000000       0x71 ..\obj\startup_stm32f10x_md.o
 .comment       0x00000000       0x71 ..\obj\stm32f10x_gpio.o
 .comment       0x00000000       0x71 ..\obj\main.o
 .comment       0x00000000       0x71 ..\obj\stm32f10x_rcc.o
 .comment       0x00000000       0x71 ..\obj\I2C.o
 .comment       0x00000000       0x71 ..\obj\stm32f10x_i2c.o

.ARM.attributes
                0x00000000       0x33
 .ARM.attributes
                0x00000000       0x33 ..\obj\system_stm32f10x.o
 .ARM.attributes
                0x00000033       0x33 ..\obj\MAX6692.o
 .ARM.attributes
                0x00000066       0x33 ..\obj\startup_stm32f10x_md.o
 .ARM.attributes
                0x00000099       0x33 ..\obj\stm32f10x_gpio.o
 .ARM.attributes
                0x000000cc       0x33 ..\obj\main.o
 .ARM.attributes
                0x000000ff       0x33 ..\obj\stm32f10x_rcc.o
 .ARM.attributes
                0x00000132       0x33 ..\obj\I2C.o
 .ARM.attributes
                0x00000165       0x33 ..\obj\stm32f10x_i2c.o
 .ARM.attributes
                0x00000198       0x1d c:/program files (x86)/gnu tools arm embedded/4.8 2014q1/bin/../lib/gcc/arm-none-eabi/4.8.3/armv7-m\libgcc.a(_arm_addsubsf3.o)
 .ARM.attributes
                0x000001b5       0x1d c:/program files (x86)/gnu tools arm embedded/4.8 2014q1/bin/../lib/gcc/arm-none-eabi/4.8.3/armv7-m\libgcc.a(_arm_muldivsf3.o)

.debug_frame    0x00000000      0xb40
 .debug_frame   0x00000000       0x80 ..\obj\system_stm32f10x.o
 .debug_frame   0x00000080       0x90 ..\obj\MAX6692.o
 .debug_frame   0x00000110       0x48 ..\obj\startup_stm32f10x_md.o
 .debug_frame   0x00000158      0x210 ..\obj\stm32f10x_gpio.o
 .debug_frame   0x00000368       0x30 ..\obj\main.o
 .debug_frame   0x00000398      0x388 ..\obj\stm32f10x_rcc.o
 .debug_frame   0x00000720       0x6c ..\obj\I2C.o
 .debug_frame   0x0000078c      0x3b4 ..\obj\stm32f10x_i2c.o
